<!DOCTYPE html PUBLIC "-//W3C//DTD HTML 4.0 Transitional//EN" "http://www.w3.org/TR/REC-html40/loose.dtd">
<html><body>
<form method="POST" action="http://localhost/laravel-login-link-login">
        <input type="hidden" name="_token" value="">
        <input type="hidden" name="email" value="">
        <input type="hidden" name="key" value="">
        <input type="hidden" name="redirect_url" value="http://localhost/custom-url">
        <input type="hidden" name="user_attributes" value="[]">

        <button class="underline" type="submit">
    Developer Login
</button>
    </form>
</body></html>
